// Jest Snapshot v1, https://goo.gl/fbAQLP

exports[`renders correctly 1`] = `
<div
  className="flex flex-col lg:flex-row"
>
  <nav
    className="justify-between flex-grow p-4 pb-10 bg-white border-b border-gray-400 lg:pb-0 lg:max-w-xs lg:border-r lg:border-b-0"
  >
    <div>
      <span
        className="px-4 py-2 text-xs font-medium leading-4 tracking-wider text-gray-700 uppercase"
      >
        Address
      </span>
      <div
        className="relative mt-2 ml-4"
      >
        <span
          className="absolute inset-y-0 left-0 flex items-center pl-2"
        >
          <svg
            className="w-6 h-6 text-gray-600"
          >
            qrcode.svg
          </svg>
        </span>
        <input
          className="block w-full py-1 pl-10 text-gray-900 placeholder-gray-600 bg-gray-100 border border-gray-400 rounded"
          onChange={[Function]}
          placeholder="6b86b273ff34fce..."
        />
      </div>
    </div>
    <div
      className="flex flex-col sm:items-center sm:justify-between sm:flex-row lg:flex-col lg:items-start"
    >
      <div
        className="mt-8"
      >
        <span
          className="px-4 py-2 text-xs font-medium leading-4 tracking-wider text-gray-700 uppercase"
        >
          Status
        </span>
        <div
          className="mt-2 ml-2"
        >
          <button
            className="focus:outline-none px-2 py-1 mx-2 text-xs font-semibold  uppercase  rounded hover:bg-gray-300 hover:text-gray-900 text-gray-800 bg-gray-100"
            onClick={[Function]}
          >
            active
          </button>
          <button
            className="focus:outline-none px-2 py-1 mx-2 text-xs font-semibold  uppercase  rounded hover:bg-gray-300 hover:text-gray-900 text-gray-800 bg-gray-100"
            onClick={[Function]}
          >
            expired
          </button>
          <button
            className="focus:outline-none px-2 py-1 mx-2 text-xs font-semibold  uppercase  rounded hover:bg-gray-300 hover:text-gray-900 text-gray-800 bg-gray-100"
            onClick={[Function]}
          >
            fulfilled
          </button>
        </div>
      </div>
      <div
        className="flex flex-col sm:items-center sm:justify-between sm:flex-row lg:flex-col lg:items-start"
      >
        <div
          className="mt-8"
        >
          <span
            className="px-4 py-2 text-xs font-medium leading-4 tracking-wider text-gray-700 uppercase"
          >
            date picker
          </span>
          <div
            className="mt-2 ml-2"
          >
            <div
              className="react-datepicker-wrapper"
            >
              <div
                className="react-datepicker__input-container"
              >
                <input
                  className=""
                  disabled={false}
                  onBlur={[Function]}
                  onChange={[Function]}
                  onClick={[Function]}
                  onFocus={[Function]}
                  onKeyDown={[Function]}
                  readOnly={false}
                  type="text"
                  value="06/17/2020"
                />
              </div>
            </div>
            <div
              className="react-datepicker-wrapper"
            >
              <div
                className="react-datepicker__input-container"
              >
                <input
                  className=""
                  disabled={false}
                  onBlur={[Function]}
                  onChange={[Function]}
                  onClick={[Function]}
                  onFocus={[Function]}
                  onKeyDown={[Function]}
                  readOnly={false}
                  type="text"
                  value="07/17/2020"
                />
              </div>
            </div>
          </div>
        </div>
        <div
          className="mt-8"
        >
          <span
            className="px-4 py-2 text-xs font-medium leading-4 tracking-wider text-gray-700 uppercase"
          >
            asset you pay
          </span>
          <div
            className="mt-2 ml-2"
          >
            <button
              className="focus:outline-none px-2 py-1 mx-2 text-xs font-semibold  uppercase  rounded hover:bg-gray-300 hover:text-gray-900 text-gray-800 bg-gray-100"
              onClick={[Function]}
            >
              BTC
            </button>
            <button
              className="focus:outline-none px-2 py-1 mx-2 text-xs font-semibold  uppercase  rounded hover:bg-gray-300 hover:text-gray-900 text-gray-800 bg-gray-100"
              onClick={[Function]}
            >
              BTS
            </button>
          </div>
        </div>
      </div>
    </div>
  </nav>
  <div
    className="flex flex-grow"
  >
    <div
      className="flex-grow min-w-full bg-white "
    >
      <div
        className="flex items-center justify-between"
      >
        <div
          className="flex items-center"
        >
          <h2
            className="p-6 text-2xl text-gray-700"
          >
            Orderbook
          </h2>
          <span
            className="px-2 text-sm text-gray-700 bg-gray-200 rounded"
          >
            10
          </span>
        </div>
        <div
          className=" flex items-center px-4 py-2 mr-8 bg-yellow-100 rounded transition duration-300 transform ease-in-out opacity-0 translate-x-20"
        >
          <svg
            className="w-4 h-4 text-orange-700"
          >
            exclamation.svg
          </svg>
          <span
            className="ml-3 text-xs font-bold text-orange-900"
          >
            Looks like there is nothing here, try removing some filters.
          </span>
        </div>
      </div>
      <div
        className="overflow-x-auto"
      >
        <div
          className="inline-block min-w-full overflow-hidden"
        >
          <table
            className="min-w-full table-auto"
          >
            <thead
              className="border-b border-gray-300"
            >
              <tr>
                <th
                  className="px-6 py-3 text-xs font-medium leading-4 tracking-wider text-left text-gray-700 uppercase bg-white-100"
                >
                  <div
                    className="flex"
                  >
                    <span>
                      Created
                    </span>
                    <svg
                      className="w-4 h-4 ml-1 text-gray-600 hover:text-gray-900"
                      onClick={[Function]}
                    >
                      chevron-down.svg
                    </svg>
                  </div>
                </th>
                <th
                  className="flex px-6 py-3 text-xs font-medium leading-4 tracking-wider text-left text-gray-700 uppercase bg-white-100"
                >
                  Status
                </th>
                <th
                  className="px-6 py-3 text-xs font-medium leading-4 tracking-wider text-left text-gray-700 uppercase bg-white-100"
                >
                  <div
                    className="flex"
                  >
                    <span>
                      Amount You Pay
                    </span>
                    <svg
                      className="w-4 h-4 ml-1 text-gray-600 hover:text-gray-900"
                      onClick={[Function]}
                    >
                      chevron-down.svg
                    </svg>
                  </div>
                </th>
                <th
                  className="px-6 py-3 text-xs font-medium leading-4 tracking-wider text-left text-gray-700 uppercase bg-white-100"
                >
                  <div
                    className="flex"
                  >
                    <span>
                      Rate
                    </span>
                    <svg
                      className="w-4 h-4 ml-1 text-gray-600 hover:text-gray-900"
                      onClick={[Function]}
                    >
                      chevron-down.svg
                    </svg>
                  </div>
                </th>
              </tr>
            </thead>
            <tbody
              className="bg-white"
            >
              <tr
                className="border-l-2 border-transparent hover:bg-gray-100 hover:border-gray-400 bg-gray-100 border-l-4 border-gray-400"
                onClick={[Function]}
              >
                <td
                  className="table-cell px-6 py-4 whitespace-no-wrap border-t border-gray-200"
                >
                  <div
                    className="flex flex-col text-sm leading-5"
                  >
                    <span
                      className="text-gray-700"
                    >
                      IAmADate
                    </span>
                    <span
                      className="text-xs text-gray-500"
                    >
                      IAmADate
                    </span>
                  </div>
                </td>
                <td
                  className="px-6 py-4 text-left whitespace-no-wrap border-t border-gray-200"
                >
                  <span
                    className="px-2 text-xs uppercase font-semibold rounded bg-red-100 text-red-800"
                  >
                    label
                  </span>
                </td>
                <td
                  className="px-6 py-4 whitespace-no-wrap border-t border-gray-200"
                >
                  <div
                    className="flex items-center"
                  >
                    <span
                      className="inline-flex px-2 text-xs font-semibold uppercase bg-gray-300 rounded "
                    >
                      BTC
                    </span>
                    <span
                      className="ml-2 font-mono leading-5 text-gray-500"
                    >
                      1
                    </span>
                  </div>
                </td>
                <td
                  className="px-6 py-4 whitespace-no-wrap border-t border-gray-200"
                >
                  <div
                    className="flex items-center"
                  >
                    <span
                      className="flex items-center ml-2 leading-5 text-gray-500"
                    >
                      1.00000
                      <div
                        className="flex flex-col ml-4 text-xs tracking-tight text-gray-500"
                      >
                        <span>
                          BTS
                        </span>
                        <div
                          className="border-t border-gray-400 "
                        />
                        <span>
                          BTC
                        </span>
                      </div>
                    </span>
                  </div>
                </td>
              </tr>
              <tr
                className="border-l-2 border-transparent hover:bg-gray-100 hover:border-gray-400 bg-gray-100 border-l-4 border-gray-400"
                onClick={[Function]}
              >
                <td
                  className="table-cell px-6 py-4 whitespace-no-wrap border-t border-gray-200"
                >
                  <div
                    className="flex flex-col text-sm leading-5"
                  >
                    <span
                      className="text-gray-700"
                    >
                      IAmADate
                    </span>
                    <span
                      className="text-xs text-gray-500"
                    >
                      IAmADate
                    </span>
                  </div>
                </td>
                <td
                  className="px-6 py-4 text-left whitespace-no-wrap border-t border-gray-200"
                >
                  <span
                    className="px-2 text-xs uppercase font-semibold rounded bg-red-100 text-red-800"
                  >
                    label
                  </span>
                </td>
                <td
                  className="px-6 py-4 whitespace-no-wrap border-t border-gray-200"
                >
                  <div
                    className="flex items-center"
                  >
                    <span
                      className="inline-flex px-2 text-xs font-semibold uppercase bg-gray-300 rounded "
                    >
                      BTC
                    </span>
                    <span
                      className="ml-2 font-mono leading-5 text-gray-500"
                    >
                      1
                    </span>
                  </div>
                </td>
                <td
                  className="px-6 py-4 whitespace-no-wrap border-t border-gray-200"
                >
                  <div
                    className="flex items-center"
                  >
                    <span
                      className="flex items-center ml-2 leading-5 text-gray-500"
                    >
                      1.00000
                      <div
                        className="flex flex-col ml-4 text-xs tracking-tight text-gray-500"
                      >
                        <span>
                          BTS
                        </span>
                        <div
                          className="border-t border-gray-400 "
                        />
                        <span>
                          BTC
                        </span>
                      </div>
                    </span>
                  </div>
                </td>
              </tr>
              <tr
                className="border-l-2 border-transparent hover:bg-gray-100 hover:border-gray-400 bg-gray-100 border-l-4 border-gray-400"
                onClick={[Function]}
              >
                <td
                  className="table-cell px-6 py-4 whitespace-no-wrap border-t border-gray-200"
                >
                  <div
                    className="flex flex-col text-sm leading-5"
                  >
                    <span
                      className="text-gray-700"
                    >
                      IAmADate
                    </span>
                    <span
                      className="text-xs text-gray-500"
                    >
                      IAmADate
                    </span>
                  </div>
                </td>
                <td
                  className="px-6 py-4 text-left whitespace-no-wrap border-t border-gray-200"
                >
                  <span
                    className="px-2 text-xs uppercase font-semibold rounded bg-red-100 text-red-800"
                  >
                    label
                  </span>
                </td>
                <td
                  className="px-6 py-4 whitespace-no-wrap border-t border-gray-200"
                >
                  <div
                    className="flex items-center"
                  >
                    <span
                      className="inline-flex px-2 text-xs font-semibold uppercase bg-gray-300 rounded "
                    >
                      BTC
                    </span>
                    <span
                      className="ml-2 font-mono leading-5 text-gray-500"
                    >
                      1
                    </span>
                  </div>
                </td>
                <td
                  className="px-6 py-4 whitespace-no-wrap border-t border-gray-200"
                >
                  <div
                    className="flex items-center"
                  >
                    <span
                      className="flex items-center ml-2 leading-5 text-gray-500"
                    >
                      1.00000
                      <div
                        className="flex flex-col ml-4 text-xs tracking-tight text-gray-500"
                      >
                        <span>
                          BTS
                        </span>
                        <div
                          className="border-t border-gray-400 "
                        />
                        <span>
                          BTC
                        </span>
                      </div>
                    </span>
                  </div>
                </td>
              </tr>
              <tr
                className="border-l-2 border-transparent hover:bg-gray-100 hover:border-gray-400 bg-gray-100 border-l-4 border-gray-400"
                onClick={[Function]}
              >
                <td
                  className="table-cell px-6 py-4 whitespace-no-wrap border-t border-gray-200"
                >
                  <div
                    className="flex flex-col text-sm leading-5"
                  >
                    <span
                      className="text-gray-700"
                    >
                      IAmADate
                    </span>
                    <span
                      className="text-xs text-gray-500"
                    >
                      IAmADate
                    </span>
                  </div>
                </td>
                <td
                  className="px-6 py-4 text-left whitespace-no-wrap border-t border-gray-200"
                >
                  <span
                    className="px-2 text-xs uppercase font-semibold rounded bg-red-100 text-red-800"
                  >
                    label
                  </span>
                </td>
                <td
                  className="px-6 py-4 whitespace-no-wrap border-t border-gray-200"
                >
                  <div
                    className="flex items-center"
                  >
                    <span
                      className="inline-flex px-2 text-xs font-semibold uppercase bg-gray-300 rounded "
                    >
                      BTC
                    </span>
                    <span
                      className="ml-2 font-mono leading-5 text-gray-500"
                    >
                      1
                    </span>
                  </div>
                </td>
                <td
                  className="px-6 py-4 whitespace-no-wrap border-t border-gray-200"
                >
                  <div
                    className="flex items-center"
                  >
                    <span
                      className="flex items-center ml-2 leading-5 text-gray-500"
                    >
                      1.00000
                      <div
                        className="flex flex-col ml-4 text-xs tracking-tight text-gray-500"
                      >
                        <span>
                          BTS
                        </span>
                        <div
                          className="border-t border-gray-400 "
                        />
                        <span>
                          BTC
                        </span>
                      </div>
                    </span>
                  </div>
                </td>
              </tr>
              <tr
                className="border-l-2 border-transparent hover:bg-gray-100 hover:border-gray-400 bg-gray-100 border-l-4 border-gray-400"
                onClick={[Function]}
              >
                <td
                  className="table-cell px-6 py-4 whitespace-no-wrap border-t border-gray-200"
                >
                  <div
                    className="flex flex-col text-sm leading-5"
                  >
                    <span
                      className="text-gray-700"
                    >
                      IAmADate
                    </span>
                    <span
                      className="text-xs text-gray-500"
                    >
                      IAmADate
                    </span>
                  </div>
                </td>
                <td
                  className="px-6 py-4 text-left whitespace-no-wrap border-t border-gray-200"
                >
                  <span
                    className="px-2 text-xs uppercase font-semibold rounded bg-red-100 text-red-800"
                  >
                    label
                  </span>
                </td>
                <td
                  className="px-6 py-4 whitespace-no-wrap border-t border-gray-200"
                >
                  <div
                    className="flex items-center"
                  >
                    <span
                      className="inline-flex px-2 text-xs font-semibold uppercase bg-gray-300 rounded "
                    >
                      BTC
                    </span>
                    <span
                      className="ml-2 font-mono leading-5 text-gray-500"
                    >
                      1
                    </span>
                  </div>
                </td>
                <td
                  className="px-6 py-4 whitespace-no-wrap border-t border-gray-200"
                >
                  <div
                    className="flex items-center"
                  >
                    <span
                      className="flex items-center ml-2 leading-5 text-gray-500"
                    >
                      1.00000
                      <div
                        className="flex flex-col ml-4 text-xs tracking-tight text-gray-500"
                      >
                        <span>
                          BTS
                        </span>
                        <div
                          className="border-t border-gray-400 "
                        />
                        <span>
                          BTC
                        </span>
                      </div>
                    </span>
                  </div>
                </td>
              </tr>
              <tr
                className="border-l-2 border-transparent hover:bg-gray-100 hover:border-gray-400 bg-gray-100 border-l-4 border-gray-400"
                onClick={[Function]}
              >
                <td
                  className="table-cell px-6 py-4 whitespace-no-wrap border-t border-gray-200"
                >
                  <div
                    className="flex flex-col text-sm leading-5"
                  >
                    <span
                      className="text-gray-700"
                    >
                      IAmADate
                    </span>
                    <span
                      className="text-xs text-gray-500"
                    >
                      IAmADate
                    </span>
                  </div>
                </td>
                <td
                  className="px-6 py-4 text-left whitespace-no-wrap border-t border-gray-200"
                >
                  <span
                    className="px-2 text-xs uppercase font-semibold rounded bg-red-100 text-red-800"
                  >
                    label
                  </span>
                </td>
                <td
                  className="px-6 py-4 whitespace-no-wrap border-t border-gray-200"
                >
                  <div
                    className="flex items-center"
                  >
                    <span
                      className="inline-flex px-2 text-xs font-semibold uppercase bg-gray-300 rounded "
                    >
                      BTC
                    </span>
                    <span
                      className="ml-2 font-mono leading-5 text-gray-500"
                    >
                      1
                    </span>
                  </div>
                </td>
                <td
                  className="px-6 py-4 whitespace-no-wrap border-t border-gray-200"
                >
                  <div
                    className="flex items-center"
                  >
                    <span
                      className="flex items-center ml-2 leading-5 text-gray-500"
                    >
                      1.00000
                      <div
                        className="flex flex-col ml-4 text-xs tracking-tight text-gray-500"
                      >
                        <span>
                          BTS
                        </span>
                        <div
                          className="border-t border-gray-400 "
                        />
                        <span>
                          BTC
                        </span>
                      </div>
                    </span>
                  </div>
                </td>
              </tr>
              <tr
                className="border-l-2 border-transparent hover:bg-gray-100 hover:border-gray-400 bg-gray-100 border-l-4 border-gray-400"
                onClick={[Function]}
              >
                <td
                  className="table-cell px-6 py-4 whitespace-no-wrap border-t border-gray-200"
                >
                  <div
                    className="flex flex-col text-sm leading-5"
                  >
                    <span
                      className="text-gray-700"
                    >
                      IAmADate
                    </span>
                    <span
                      className="text-xs text-gray-500"
                    >
                      IAmADate
                    </span>
                  </div>
                </td>
                <td
                  className="px-6 py-4 text-left whitespace-no-wrap border-t border-gray-200"
                >
                  <span
                    className="px-2 text-xs uppercase font-semibold rounded bg-red-100 text-red-800"
                  >
                    label
                  </span>
                </td>
                <td
                  className="px-6 py-4 whitespace-no-wrap border-t border-gray-200"
                >
                  <div
                    className="flex items-center"
                  >
                    <span
                      className="inline-flex px-2 text-xs font-semibold uppercase bg-gray-300 rounded "
                    >
                      BTC
                    </span>
                    <span
                      className="ml-2 font-mono leading-5 text-gray-500"
                    >
                      1
                    </span>
                  </div>
                </td>
                <td
                  className="px-6 py-4 whitespace-no-wrap border-t border-gray-200"
                >
                  <div
                    className="flex items-center"
                  >
                    <span
                      className="flex items-center ml-2 leading-5 text-gray-500"
                    >
                      1.00000
                      <div
                        className="flex flex-col ml-4 text-xs tracking-tight text-gray-500"
                      >
                        <span>
                          BTS
                        </span>
                        <div
                          className="border-t border-gray-400 "
                        />
                        <span>
                          BTC
                        </span>
                      </div>
                    </span>
                  </div>
                </td>
              </tr>
              <tr
                className="border-l-2 border-transparent hover:bg-gray-100 hover:border-gray-400 bg-gray-100 border-l-4 border-gray-400"
                onClick={[Function]}
              >
                <td
                  className="table-cell px-6 py-4 whitespace-no-wrap border-t border-gray-200"
                >
                  <div
                    className="flex flex-col text-sm leading-5"
                  >
                    <span
                      className="text-gray-700"
                    >
                      IAmADate
                    </span>
                    <span
                      className="text-xs text-gray-500"
                    >
                      IAmADate
                    </span>
                  </div>
                </td>
                <td
                  className="px-6 py-4 text-left whitespace-no-wrap border-t border-gray-200"
                >
                  <span
                    className="px-2 text-xs uppercase font-semibold rounded bg-red-100 text-red-800"
                  >
                    label
                  </span>
                </td>
                <td
                  className="px-6 py-4 whitespace-no-wrap border-t border-gray-200"
                >
                  <div
                    className="flex items-center"
                  >
                    <span
                      className="inline-flex px-2 text-xs font-semibold uppercase bg-gray-300 rounded "
                    >
                      BTC
                    </span>
                    <span
                      className="ml-2 font-mono leading-5 text-gray-500"
                    >
                      1
                    </span>
                  </div>
                </td>
                <td
                  className="px-6 py-4 whitespace-no-wrap border-t border-gray-200"
                >
                  <div
                    className="flex items-center"
                  >
                    <span
                      className="flex items-center ml-2 leading-5 text-gray-500"
                    >
                      1.00000
                      <div
                        className="flex flex-col ml-4 text-xs tracking-tight text-gray-500"
                      >
                        <span>
                          BTS
                        </span>
                        <div
                          className="border-t border-gray-400 "
                        />
                        <span>
                          BTC
                        </span>
                      </div>
                    </span>
                  </div>
                </td>
              </tr>
              <tr
                className="border-l-2 border-transparent hover:bg-gray-100 hover:border-gray-400 bg-gray-100 border-l-4 border-gray-400"
                onClick={[Function]}
              >
                <td
                  className="table-cell px-6 py-4 whitespace-no-wrap border-t border-gray-200"
                >
                  <div
                    className="flex flex-col text-sm leading-5"
                  >
                    <span
                      className="text-gray-700"
                    >
                      IAmADate
                    </span>
                    <span
                      className="text-xs text-gray-500"
                    >
                      IAmADate
                    </span>
                  </div>
                </td>
                <td
                  className="px-6 py-4 text-left whitespace-no-wrap border-t border-gray-200"
                >
                  <span
                    className="px-2 text-xs uppercase font-semibold rounded bg-red-100 text-red-800"
                  >
                    label
                  </span>
                </td>
                <td
                  className="px-6 py-4 whitespace-no-wrap border-t border-gray-200"
                >
                  <div
                    className="flex items-center"
                  >
                    <span
                      className="inline-flex px-2 text-xs font-semibold uppercase bg-gray-300 rounded "
                    >
                      BTC
                    </span>
                    <span
                      className="ml-2 font-mono leading-5 text-gray-500"
                    >
                      1
                    </span>
                  </div>
                </td>
                <td
                  className="px-6 py-4 whitespace-no-wrap border-t border-gray-200"
                >
                  <div
                    className="flex items-center"
                  >
                    <span
                      className="flex items-center ml-2 leading-5 text-gray-500"
                    >
                      1.00000
                      <div
                        className="flex flex-col ml-4 text-xs tracking-tight text-gray-500"
                      >
                        <span>
                          BTS
                        </span>
                        <div
                          className="border-t border-gray-400 "
                        />
                        <span>
                          BTC
                        </span>
                      </div>
                    </span>
                  </div>
                </td>
              </tr>
              <tr
                className="border-l-2 border-transparent hover:bg-gray-100 hover:border-gray-400 bg-gray-100 border-l-4 border-gray-400"
                onClick={[Function]}
              >
                <td
                  className="table-cell px-6 py-4 whitespace-no-wrap border-t border-gray-200"
                >
                  <div
                    className="flex flex-col text-sm leading-5"
                  >
                    <span
                      className="text-gray-700"
                    >
                      IAmADate
                    </span>
                    <span
                      className="text-xs text-gray-500"
                    >
                      IAmADate
                    </span>
                  </div>
                </td>
                <td
                  className="px-6 py-4 text-left whitespace-no-wrap border-t border-gray-200"
                >
                  <span
                    className="px-2 text-xs uppercase font-semibold rounded bg-red-100 text-red-800"
                  >
                    label
                  </span>
                </td>
                <td
                  className="px-6 py-4 whitespace-no-wrap border-t border-gray-200"
                >
                  <div
                    className="flex items-center"
                  >
                    <span
                      className="inline-flex px-2 text-xs font-semibold uppercase bg-gray-300 rounded "
                    >
                      BTC
                    </span>
                    <span
                      className="ml-2 font-mono leading-5 text-gray-500"
                    >
                      1
                    </span>
                  </div>
                </td>
                <td
                  className="px-6 py-4 whitespace-no-wrap border-t border-gray-200"
                >
                  <div
                    className="flex items-center"
                  >
                    <span
                      className="flex items-center ml-2 leading-5 text-gray-500"
                    >
                      1.00000
                      <div
                        className="flex flex-col ml-4 text-xs tracking-tight text-gray-500"
                      >
                        <span>
                          BTS
                        </span>
                        <div
                          className="border-t border-gray-400 "
                        />
                        <span>
                          BTC
                        </span>
                      </div>
                    </span>
                  </div>
                </td>
              </tr>
            </tbody>
          </table>
        </div>
      </div>
    </div>
  </div>
  <div
    className="hidden"
  >
    <div
      className="absolute inset-0 bg-gray-500 opacity-75"
    />
    <div
      className="absolute inset-0 z-10 flex items-center justify-center"
    >
      <div
        className="max-w-xs p-12 bg-white rounded sm:max-w-sm md:max-w-md lg:max-w-xl"
      >
        <header
          className="flex flex-row-reverse"
        >
          <svg
            className="w-8 h-8 text-gray-400 duration-200 ease-in-out hover:text-gray-800"
            onClick={[Function]}
          >
            x.svg
          </svg>
        </header>
        <div
          className="flex flex-col items-center justify-around md:flex-row "
        >
          <div
            className="flex flex-col mx-8 md:items-center"
          >
            <span
              className="text-sm font-semibold text-gray-400"
            >
              BTC
            </span>
            <span
              className="font-mono text-lg text-gray-700"
            >
              1.0000000000
            </span>
          </div>
          <div
            className="flex flex-col items-center justify-around font-mono text-gray-600 "
          >
            <svg
              className="h-12 text-gray-400 md:hidden"
            >
              chevron-down.svg
            </svg>
            <div
              className="flex-row items-center hidden md:flex"
            >
              <div
                className="flex items-center"
              >
                <span>
                  1.0000
                </span>
                <div
                  className="flex flex-col ml-1 text-xs tracking-tight text-gray-500"
                >
                  <span>
                    BTS
                  </span>
                  <div
                    className="border-t border-gray-400 "
                  />
                  <span>
                    BTC
                  </span>
                </div>
              </div>
            </div>
            <svg
              className="hidden h-12 text-gray-400 md:block"
            >
              arrow-narrow-right.svg
            </svg>
          </div>
          <div
            className="flex flex-col mx-8 md:items-center"
          >
            <span
              className="text-sm font-semibold text-gray-400"
            >
              BTS
            </span>
            <span
              className="font-mono text-lg text-gray-700"
            >
              1.0000000000
            </span>
          </div>
        </div>
        <div
          className="flex flex-col items-center mt-8 text-gray-500"
        >
          <span
            className="text-xs"
          >
            Valid until:
          </span>
          <span
            className="text-sm font-semibold"
          >
            IAmADate
          </span>
        </div>
        <footer
          className="flex items-center justify-around pt-12 mt-8 text-center border-t border-gray-300"
        >
          <span
            className="py-2 px-4 uppercase font-semibold rounded bg-red-200 text-red-900"
          >
            label
          </span>
        </footer>
      </div>
    </div>
  </div>
</div>
`;
